// Vitest Snapshot v1, https://vitest.dev/guide/snapshot.html

exports[`PerformOperation > should render properly 1`] = `
"<div user=\\"[object Object]\\" authsession=\\"[object Object]\\" authlogout=\\"[object Object]\\" records=\\"[object Object]\\">
  <div class=\\"bg-gray-900 bg-opacity-50 dark:bg-opacity-80 fixed inset-0 z-40\\"></div>
  <div tabindex=\\"-1\\" class=\\"overflow-y-auto overflow-x-hidden fixed top-0 right-0 left-0 z-50 w-full md:inset-0 h-modal md:h-full justify-center items-center flex\\">
    <div class=\\"relative p-4 w-full h-full md:h-auto max-w-sm\\">
      <div class=\\"relative bg-white rounded-lg shadow dark:bg-gray-700\\">
        <div class=\\"p-4 rounded-t flex justify-between items-center border-b border-gray-200 dark:border-gray-600\\">
          <h1>Perform operation</h1><button type=\\"button\\" class=\\"text-gray-400 bg-transparent hover:bg-gray-200 hover:text-gray-900 rounded-lg text-sm p-1.5 ml-auto inline-flex items-center dark:hover:bg-gray-600 dark:hover:text-white\\"><svg class=\\"w-5 h-5\\" fill=\\"currentColor\\" viewBox=\\"0 0 20 20\\" xmlns=\\"http://www.w3.org/2000/svg\\">
              <path fill-rule=\\"evenodd\\" d=\\"M4.293 4.293a1 1 0 011.414 0L10 8.586l4.293-4.293a1 1 0 111.414 1.414L11.414 10l4.293 4.293a1 1 0 01-1.414 1.414L10 11.414l-4.293 4.293a1 1 0 01-1.414-1.414L8.586 10 4.293 5.707a1 1 0 010-1.414z\\" clip-rule=\\"evenodd\\"></path>
            </svg></button>
        </div>
        <div class=\\"p-6\\">
          <form>
            <div class=\\"mb-4\\" required=\\"\\">
              <!----><select class=\\"w-full text-sm bg-gray-50 border-[1px] border-gray-300 rounded-lg focus:ring-primary-500 focus:border-primary-500 dark:bg-gray-700 dark:border-gray-600 dark:placeholder-gray-400 dark:text-white dark:focus:ring-primary-500 dark:focus:border-primary-500 p-2\\">
                <option disabled=\\"\\" value=\\"\\">Operation type</option>
              </select>
            </div>
            <div class=\\"flex flex-col gap-4\\">
              <!--v-if-->
            </div>
          </form>
        </div>
        <div class=\\"p-6 rounded-b border-gray-200 border-t dark:border-gray-600\\">
          <div class=\\"flex justify-between\\"><button class=\\"text-gray-900 bg-white border-gray-300 focus:outline-none focus:ring-4 font-medium rounded-lg dark:bg-gray-800 dark:text-white dark:border-gray-600 dark:focus:ring-gray-700 hover:bg-gray-100 dark:hover:border-gray-600 px-4 py-2 text-gray-900 bg-white border border-gray-300 focus:outline-none focus:ring-4 focus:ring-gray-200 font-medium rounded-lg dark:bg-gray-800 dark:text-white dark:border-gray-600 dark:focus:ring-gray-700 hover:bg-gray-100 dark:hover:border-gray-600 text-sm px-4 py-2\\">
              <!----><span class=\\"\\"><!---->Cancel<!----></span>
              <!---->
            </button><button class=\\"text-blue-700 border-blue-700 focus:ring-4 focus:outline-none font-medium rounded-lg dark:border-blue-500 dark:text-blue-500 dark:focus:ring-blue-800 hover:text-white hover:bg-blue-800 dark:hover:text-white dark:hover:bg-blue-600 px-4 py-2 text-blue-700 border border-blue-700 focus:ring-4 focus:outline-none focus:ring-blue-300 font-medium rounded-lg text-sm text-center dark:border-blue-500 dark:text-blue-500 dark:focus:ring-blue-800 hover:text-white hover:bg-blue-800 dark:hover:text-white dark:hover:bg-blue-600 text-sm px-4 py-2\\" type=\\"submit\\">
              <!----><span class=\\"\\"><!----><div class=\\"flex justify-center items-center gap-2\\">Submit <!--v-if--></div><!----></span>
              <!---->
            </button></div>
        </div>
      </div>
    </div>
  </div>
</div>"
`;
